Success! Markdown length: 30
